============================= test session starts =============================
platform win32 -- Python 3.12.0, pytest-9.0.3, pluggy-1.6.0 -- C:\Users\HP\AppData\Local\Programs\Python\Python312\python.exe
cachedir: .pytest_cache
rootdir: C:\Users\HP\Downloads\pdd\pdd
plugins: anyio-3.7.1
collecting ... collected 130 items

tests/test_dairydash.py::TC01_AppLoad::test_TC001_page_title PASSED      [  0%]
tests/test_dairydash.py::TC01_AppLoad::test_TC002_sidebar_visible PASSED [  1%]
tests/test_dairydash.py::TC01_AppLoad::test_TC003_brand_name_visible PASSED [  2%]
tests/test_dairydash.py::TC01_AppLoad::test_TC004_four_nav_items_present PASSED [  3%]
tests/test_dairydash.py::TC01_AppLoad::test_TC005_farmer_details_nav_label PASSED [  3%]
tests/test_dairydash.py::TC01_AppLoad::test_TC006_milk_quality_nav_label PASSED [  4%]
tests/test_dairydash.py::TC01_AppLoad::test_TC007_adulteration_nav_label PASSED [  5%]
tests/test_dairydash.py::TC01_AppLoad::test_TC008_payment_nav_label PASSED [  6%]
tests/test_dairydash.py::TC01_AppLoad::test_TC009_farmer_section_active_on_load PASSED [  6%]
tests/test_dairydash.py::TC01_AppLoad::test_TC010_nav_to_milk_quality PASSED [  7%]
tests/test_dairydash.py::TC01_AppLoad::test_TC011_nav_to_adulteration PASSED [  8%]
tests/test_dairydash.py::TC01_AppLoad::test_TC012_nav_to_payment PASSED  [  9%]
tests/test_dairydash.py::TC01_AppLoad::test_TC013_page_header_updates_on_nav PASSED [ 10%]
tests/test_dairydash.py::TC01_AppLoad::test_TC014_admin_label_in_header PASSED [ 10%]
tests/test_dairydash.py::TC01_AppLoad::test_TC015_toast_element_present PASSED [ 11%]
tests/test_dairydash.py::TC02_FarmerForm::test_TC016_farmer_form_present PASSED [ 12%]
tests/test_dairydash.py::TC02_FarmerForm::test_TC017_fid_field_present PASSED [ 13%]
tests/test_dairydash.py::TC02_FarmerForm::test_TC018_fname_field_present PASSED [ 13%]
tests/test_dairydash.py::TC02_FarmerForm::test_TC019_fphone_field_present PASSED [ 14%]
tests/test_dairydash.py::TC02_FarmerForm::test_TC020_faddress_field_present PASSED [ 15%]
tests/test_dairydash.py::TC02_FarmerForm::test_TC021_fcows_field_present PASSED [ 16%]
tests/test_dairydash.py::TC02_FarmerForm::test_TC022_fbuffaloes_field_present PASSED [ 16%]
tests/test_dairydash.py::TC02_FarmerForm::test_TC023_fbank_field_present PASSED [ 17%]
tests/test_dairydash.py::TC02_FarmerForm::test_TC024_fcenter_field_present PASSED [ 18%]
tests/test_dairydash.py::TC02_FarmerForm::test_TC025_fsupply_field_present PASSED [ 19%]
tests/test_dairydash.py::TC02_FarmerForm::test_TC026_save_button_present PASSED [ 20%]
tests/test_dairydash.py::TC02_FarmerForm::test_TC027_search_box_present PASSED [ 20%]
tests/test_dairydash.py::TC02_FarmerForm::test_TC028_farmer_table_present PASSED [ 21%]
tests/test_dairydash.py::TC02_FarmerForm::test_TC029_table_has_correct_headers PASSED [ 22%]
tests/test_dairydash.py::TC03_FarmerCRUD::test_TC030_add_valid_farmer FAILED [ 23%]
tests/test_dairydash.py::TC03_FarmerCRUD::test_TC031_farmer_id_appears_in_table FAILED [ 23%]
tests/test_dairydash.py::TC03_FarmerCRUD::test_TC032_farmer_phone_appears_in_table FAILED [ 24%]
tests/test_dairydash.py::TC03_FarmerCRUD::test_TC033_form_resets_after_submit PASSED [ 25%]
tests/test_dairydash.py::TC03_FarmerCRUD::test_TC034_delete_farmer PASSED [ 26%]
tests/test_dairydash.py::TC03_FarmerCRUD::test_TC035_duplicate_farmer_id_rejected PASSED [ 26%]
tests/test_dairydash.py::TC03_FarmerCRUD::test_TC036_get_farmers_api_returns_list PASSED [ 27%]
tests/test_dairydash.py::TC03_FarmerCRUD::test_TC037_post_farmer_api_returns_201 PASSED [ 28%]
tests/test_dairydash.py::TC03_FarmerCRUD::test_TC038_delete_nonexistent_farmer_handled PASSED [ 29%]
tests/test_dairydash.py::TC03_FarmerCRUD::test_TC039_search_filters_table_rows PASSED [ 30%]
tests/test_dairydash.py::TC03_FarmerCRUD::test_TC040_search_clear_restores_all_rows FAILED [ 30%]
tests/test_dairydash.py::TC04_MilkQuality::test_TC041_quality_form_visible PASSED [ 31%]
tests/test_dairydash.py::TC04_MilkQuality::test_TC042_farmer_dropdown_present PASSED [ 32%]
tests/test_dairydash.py::TC04_MilkQuality::test_TC043_farmer_dropdown_has_options PASSED [ 33%]
tests/test_dairydash.py::TC04_MilkQuality::test_TC044_milk_type_dropdown_present PASSED [ 33%]
tests/test_dairydash.py::TC04_MilkQuality::test_TC045_milk_type_options_correct PASSED [ 34%]
tests/test_dairydash.py::TC04_MilkQuality::test_TC046_quantity_field_present PASSED [ 35%]
tests/test_dairydash.py::TC04_MilkQuality::test_TC047_fat_field_present PASSED [ 36%]
tests/test_dairydash.py::TC04_MilkQuality::test_TC048_snf_field_present PASSED [ 36%]
tests/test_dairydash.py::TC04_MilkQuality::test_TC049_analyze_button_present PASSED [ 37%]
tests/test_dairydash.py::TC04_MilkQuality::test_TC050_analyze_quality_excellent_score PASSED [ 38%]
tests/test_dairydash.py::TC04_MilkQuality::test_TC051_analyze_quality_low_fat_reduces_score PASSED [ 39%]
tests/test_dairydash.py::TC04_MilkQuality::test_TC052_result_card_shown_after_analysis FAILED [ 40%]
tests/test_dairydash.py::TC04_MilkQuality::test_TC053_status_excellent_label FAILED [ 40%]
tests/test_dairydash.py::TC04_MilkQuality::test_TC054_status_poor_label_low_values FAILED [ 41%]
tests/test_dairydash.py::TC04_MilkQuality::test_TC055_missing_farmer_shows_toast FAILED [ 42%]
tests/test_dairydash.py::TC04_MilkQuality::test_TC056_next_adulteration_button_present FAILED [ 43%]
tests/test_dairydash.py::TC04_MilkQuality::test_TC057_score_capped_at_100 FAILED [ 43%]
tests/test_dairydash.py::TC04_MilkQuality::test_TC058_score_not_negative FAILED [ 44%]
tests/test_dairydash.py::TC04_MilkQuality::test_TC059_quality_api_saves_record FAILED [ 45%]
tests/test_dairydash.py::TC04_MilkQuality::test_TC060_quality_api_get_returns_list FAILED [ 46%]
tests/test_dairydash.py::TC05_Adulteration::test_TC061_adulteration_form_visible ERROR [ 46%]
tests/test_dairydash.py::TC05_Adulteration::test_TC062_water_dilution_field_present ERROR [ 47%]
tests/test_dairydash.py::TC05_Adulteration::test_TC063_urea_dropdown_present ERROR [ 48%]
tests/test_dairydash.py::TC05_Adulteration::test_TC064_starch_dropdown_present ERROR [ 49%]
tests/test_dairydash.py::TC05_Adulteration::test_TC065_detergent_dropdown_present ERROR [ 50%]
tests/test_dairydash.py::TC05_Adulteration::test_TC066_salt_dropdown_present ERROR [ 50%]
tests/test_dairydash.py::TC05_Adulteration::test_TC067_analyze_button_present ERROR [ 51%]
tests/test_dairydash.py::TC05_Adulteration::test_TC068_pure_milk_status_for_clean_sample ERROR [ 52%]
tests/test_dairydash.py::TC05_Adulteration::test_TC069_urea_detected_reduces_score ERROR [ 53%]
tests/test_dairydash.py::TC05_Adulteration::test_TC070_detergent_detected_sets_high_adulteration ERROR [ 53%]
tests/test_dairydash.py::TC05_Adulteration::test_TC071_water_dilution_reduces_score ERROR [ 54%]
tests/test_dairydash.py::TC05_Adulteration::test_TC072_warning_messages_shown_for_adulterants ERROR [ 55%]
tests/test_dairydash.py::TC05_Adulteration::test_TC073_final_score_capped_at_zero ERROR [ 56%]
tests/test_dairydash.py::TC05_Adulteration::test_TC074_result_card_shown_after_adulteration_check ERROR [ 56%]
tests/test_dairydash.py::TC05_Adulteration::test_TC075_proceed_to_payment_button_visible ERROR [ 57%]
tests/test_dairydash.py::TC06_Payment::test_TC076_payment_form_visible PASSED [ 58%]
tests/test_dairydash.py::TC06_Payment::test_TC077_state_dropdown_present PASSED [ 59%]
tests/test_dairydash.py::TC06_Payment::test_TC078_state_dropdown_has_7_states PASSED [ 60%]
