python : test_TC001_page_title (__main__.TC01_AppLoad.test_TC001_page_title)
At line:1 char:32
+ ... CODING="utf-8"; python tests/test_dairydash.py > test_output.txt 2>&1
+                     ~~~~~~~~~~~~~~~~~~~~~~~~~~~~~~~~~~~~~~~~~~~~~~~~~~~~~
    + CategoryInfo          : NotSpecified: (test_TC001_page...001_page_title):String) [], RemoteException
    + FullyQualifiedErrorId : NativeCommandError
 
TC-001 | App Load | Page title is correct | Open browser to localhost:3000 | Title contains 'Milk Analyzer' ... ok
test_TC002_sidebar_visible (__main__.TC01_AppLoad.test_TC002_sidebar_visible)
TC-002 | Navigation | Sidebar is rendered | Load page | <aside class='sidebar'> visible ... ok
test_TC003_brand_name_visible (__main__.TC01_AppLoad.test_TC003_brand_name_visible)
TC-003 | Navigation | Brand 'DairyDash' shown in sidebar | Load page | DairyDash text visible ... ok
test_TC004_four_nav_items_present (__main__.TC01_AppLoad.test_TC004_four_nav_items_present)
TC-004 | Navigation | 4 nav items exist | Count .nav-links li | 4 items found ... ok
test_TC005_farmer_details_nav_label (__main__.TC01_AppLoad.test_TC005_farmer_details_nav_label)
TC-005 | Navigation | 'Farmer Details' nav item exists | Read first nav item text | 'Farmer Details' ... ok
test_TC006_milk_quality_nav_label (__main__.TC01_AppLoad.test_TC006_milk_quality_nav_label)
TC-006 | Navigation | 'Milk Quality' nav item exists | Read second nav item text | 'Milk Quality' ... ok
test_TC007_adulteration_nav_label (__main__.TC01_AppLoad.test_TC007_adulteration_nav_label)
TC-007 | Navigation | 'Adulteration' nav item exists | Read third nav item text | 'Adulteration' ... ok
test_TC008_payment_nav_label (__main__.TC01_AppLoad.test_TC008_payment_nav_label)
TC-008 | Navigation | 'Payment System' nav item exists | Read fourth nav item text | 'Payment System' ... ok
test_TC009_farmer_section_active_on_load (__main__.TC01_AppLoad.test_TC009_farmer_section_active_on_load)
TC-009 | Navigation | Farmer Details section active on load | Check #farmer-details.active | Module visible ... ok
test_TC010_nav_to_milk_quality (__main__.TC01_AppLoad.test_TC010_nav_to_milk_quality)
TC-010 | Navigation | Click Milk Quality nav | Click nav item | #milk-quality section active ... ok
test_TC011_nav_to_adulteration (__main__.TC01_AppLoad.test_TC011_nav_to_adulteration)
TC-011 | Navigation | Click Adulteration nav | Click nav item | #adulteration section active ... ok
test_TC012_nav_to_payment (__main__.TC01_AppLoad.test_TC012_nav_to_payment)
TC-012 | Navigation | Click Payment System nav | Click nav item | #payment-system section active ... ok
test_TC013_page_header_updates_on_nav (__main__.TC01_AppLoad.test_TC013_page_header_updates_on_nav)
TC-013 | Navigation | Page title updates on nav click | Click Milk Quality | H1 shows 'Milk Quality' ... ok
test_TC014_admin_label_in_header (__main__.TC01_AppLoad.test_TC014_admin_label_in_header)
TC-014 | App Load | 'Admin' label in topbar | Load page | 'Admin' text found in user-profile ... ok
test_TC015_toast_element_present (__main__.TC01_AppLoad.test_TC015_toast_element_present)
TC-015 | App Load | Toast notification element exists | Check #toast element | Present in DOM ... ok
test_TC016_farmer_form_present (__main__.TC02_FarmerForm.test_TC016_farmer_form_present)
TC-016 | Farmer Form | Add Farmer form is rendered | Load Farmer Details section | Form with id 'farmer-form' visible 
... ok
test_TC017_fid_field_present (__main__.TC02_FarmerForm.test_TC017_fid_field_present)
TC-017 | Farmer Form | Farmer ID field present | Check #f-id | Input element exists ... ok
test_TC018_fname_field_present (__main__.TC02_FarmerForm.test_TC018_fname_field_present)
TC-018 | Farmer Form | Farmer Name field present | Check #f-name | Input element exists ... ok
test_TC019_fphone_field_present (__main__.TC02_FarmerForm.test_TC019_fphone_field_present)
TC-019 | Farmer Form | Phone field present | Check #f-phone | Input element exists ... ok
test_TC020_faddress_field_present (__main__.TC02_FarmerForm.test_TC020_faddress_field_present)
TC-020 | Farmer Form | Address field present | Check #f-address | Input element exists ... ok
test_TC021_fcows_field_present (__main__.TC02_FarmerForm.test_TC021_fcows_field_present)
TC-021 | Farmer Form | Cows field present | Check #f-cows | Input element exists ... ok
test_TC022_fbuffaloes_field_present (__main__.TC02_FarmerForm.test_TC022_fbuffaloes_field_present)
TC-022 | Farmer Form | Buffaloes field present | Check #f-buffaloes | Input element exists ... ok
test_TC023_fbank_field_present (__main__.TC02_FarmerForm.test_TC023_fbank_field_present)
TC-023 | Farmer Form | Bank Account field present | Check #f-bank | Input element exists ... ok
test_TC024_fcenter_field_present (__main__.TC02_FarmerForm.test_TC024_fcenter_field_present)
TC-024 | Farmer Form | Collection Center field present | Check #f-center | Input element exists ... ok
test_TC025_fsupply_field_present (__main__.TC02_FarmerForm.test_TC025_fsupply_field_present)
TC-025 | Farmer Form | Daily Supply field present | Check #f-supply | Input element exists ... ok
test_TC026_save_button_present (__main__.TC02_FarmerForm.test_TC026_save_button_present)
TC-026 | Farmer Form | Save Farmer button present | Check submit button | Button exists ... ok
test_TC027_search_box_present (__main__.TC02_FarmerForm.test_TC027_search_box_present)
TC-027 | Farmer Table | Search box present | Check #search-farmer | Input visible ... ok
test_TC028_farmer_table_present (__main__.TC02_FarmerForm.test_TC028_farmer_table_present)
TC-028 | Farmer Table | Farmer table rendered | Check #farmer-table | Table element visible ... ok
test_TC029_table_has_correct_headers (__main__.TC02_FarmerForm.test_TC029_table_has_correct_headers)
TC-029 | Farmer Table | Table has ID/Name/Phone columns | Read th elements | Headers match ... ok
test_TC030_add_valid_farmer (__main__.TC03_FarmerCRUD.test_TC030_add_valid_farmer)
TC-030 | Farmer CRUD | Submit valid farmer form | Fill all fields and submit | Farmer appears in table ... ok
test_TC031_farmer_id_appears_in_table (__main__.TC03_FarmerCRUD.test_TC031_farmer_id_appears_in_table)
TC-031 | Farmer CRUD | Farmer ID visible in table after add | Add farmer F101 | F101 appears in table ... FAIL
test_TC032_farmer_phone_appears_in_table (__main__.TC03_FarmerCRUD.test_TC032_farmer_phone_appears_in_table)
TC-032 | Farmer CRUD | Phone number visible in table | Add farmer with phone 9123456789 | Phone visible in row ... FAIL
test_TC033_form_resets_after_submit (__main__.TC03_FarmerCRUD.test_TC033_form_resets_after_submit)
TC-033 | Farmer CRUD | Form clears after successful submit | Submit form and check | Input fields empty ... ok
test_TC034_delete_farmer (__main__.TC03_FarmerCRUD.test_TC034_delete_farmer)
TC-034 | Farmer CRUD | Delete button removes farmer | Add farmer then click delete | Row disappears ... ok
test_TC035_duplicate_farmer_id_rejected (__main__.TC03_FarmerCRUD.test_TC035_duplicate_farmer_id_rejected)
TC-035 | Farmer CRUD | Duplicate farmer ID is rejected by API | Submit same ID twice | Second POST returns 400 ... ok
test_TC036_get_farmers_api_returns_list (__main__.TC03_FarmerCRUD.test_TC036_get_farmers_api_returns_list)
TC-036 | Farmer CRUD | GET /api/farmers returns JSON list | Direct API call | Status 200 + list ... ok
test_TC037_post_farmer_api_returns_201 (__main__.TC03_FarmerCRUD.test_TC037_post_farmer_api_returns_201)
TC-037 | Farmer CRUD | POST /api/farmers returns 201 | Direct API call | Status 201 ... ok
test_TC038_delete_nonexistent_farmer_handled (__main__.TC03_FarmerCRUD.test_TC038_delete_nonexistent_farmer_handled)
TC-038 | Farmer CRUD | DELETE non-existent ObjectId returns gracefully | API call | Response not 500 ... ok
test_TC039_search_filters_table_rows (__main__.TC03_FarmerCRUD.test_TC039_search_filters_table_rows)
TC-039 | Farmer Table | Search box filters rows | Type name in search box | Non-matching rows hidden ... ok
test_TC040_search_clear_restores_all_rows (__main__.TC03_FarmerCRUD.test_TC040_search_clear_restores_all_rows)
TC-040 | Farmer Table | Clearing search restores all rows | Type then clear search | All rows visible ... FAIL
test_TC041_quality_form_visible (__main__.TC04_MilkQuality.test_TC041_quality_form_visible)
TC-041 | Milk Quality | Quality analysis form is rendered | Navigate to Milk Quality | Form #quality-form visible ... 
ok
test_TC042_farmer_dropdown_present (__main__.TC04_MilkQuality.test_TC042_farmer_dropdown_present)
TC-042 | Milk Quality | Farmer dropdown present | Check #q-farmer | Select element exists ... ok
test_TC043_farmer_dropdown_has_options (__main__.TC04_MilkQuality.test_TC043_farmer_dropdown_has_options)
TC-043 | Milk Quality | Farmer dropdown has options | Check option count | At least 1 farmer option ... ok
test_TC044_milk_type_dropdown_present (__main__.TC04_MilkQuality.test_TC044_milk_type_dropdown_present)
TC-044 | Milk Quality | Milk type dropdown present | Check #q-type | Select element visible ... ok
test_TC045_milk_type_options_correct (__main__.TC04_MilkQuality.test_TC045_milk_type_options_correct)
TC-045 | Milk Quality | Milk type has Cow/Buffalo/Mixed options | Read option values | 3 options present ... ok
test_TC046_quantity_field_present (__main__.TC04_MilkQuality.test_TC046_quantity_field_present)
TC-046 | Milk Quality | Quantity field present | Check #q-quantity | Input visible ... ok
test_TC047_fat_field_present (__main__.TC04_MilkQuality.test_TC047_fat_field_present)
TC-047 | Milk Quality | Fat % field present | Check #q-fat | Input visible ... ok
test_TC048_snf_field_present (__main__.TC04_MilkQuality.test_TC048_snf_field_present)
TC-048 | Milk Quality | SNF % field present | Check #q-snf | Input visible ... ok
test_TC049_analyze_button_present (__main__.TC04_MilkQuality.test_TC049_analyze_button_present)
TC-049 | Milk Quality | Analyze Quality button present | Check button text | Button visible ... ok
test_TC050_analyze_quality_excellent_score (__main__.TC04_MilkQuality.test_TC050_analyze_quality_excellent_score)
TC-050 | Milk Quality | Excellent fat/SNF yields score >=90 | Fat=4.5, SNF=9.0, submit | Score >= 90 ... ERROR
test_TC051_analyze_quality_low_fat_reduces_score 
(__main__.TC04_MilkQuality.test_TC051_analyze_quality_low_fat_reduces_score)
TC-051 | Milk Quality | Low fat reduces score | Fat=2.0, SNF=8.5 | Score < 90 ... ok
test_TC052_result_card_shown_after_analysis (__main__.TC04_MilkQuality.test_TC052_result_card_shown_after_analysis)
TC-052 | Milk Quality | Quality result card shown after analysis | Click Analyze | #quality-result-card displayed ... 
FAIL
test_TC053_status_excellent_label (__main__.TC04_MilkQuality.test_TC053_status_excellent_label)
TC-053 | Milk Quality | Excellent status label for score>=90 | Fat=4.5,SNF=9 | Status badge says 'Excellent' ... ok
test_TC054_status_poor_label_low_values (__main__.TC04_MilkQuality.test_TC054_status_poor_label_low_values)
TC-054 | Milk Quality | Poor label for very low fat/SNF | Fat=1.0, SNF=6.0 | Status = 'Average / Poor' ... ok
test_TC055_missing_farmer_shows_toast (__main__.TC04_MilkQuality.test_TC055_missing_farmer_shows_toast)
TC-055 | Milk Quality | Missing farmer shows error toast | Click Analyze without selecting farmer | Toast error shown 
... ok
test_TC056_next_adulteration_button_present (__main__.TC04_MilkQuality.test_TC056_next_adulteration_button_present)
TC-056 | Milk Quality | 'Next: Adulteration Check' button visible | After analysis | Button rendered ... ok
test_TC057_score_capped_at_100 (__main__.TC04_MilkQuality.test_TC057_score_capped_at_100)
TC-057 | Milk Quality | Score never exceeds 100 | Fat=10.0,SNF=15.0 | Score <= 100 ... ok
test_TC058_score_not_negative (__main__.TC04_MilkQuality.test_TC058_score_not_negative)
TC-058 | Milk Quality | Score never negative | Fat=0.0,SNF=0.0 | Score >= 0 ... ok
test_TC059_quality_api_saves_record (__main__.TC04_MilkQuality.test_TC059_quality_api_saves_record)
TC-059 | Milk Quality | POST /api/quality saves and returns 201 | Direct API call | Status 201 ... ok
test_TC060_quality_api_get_returns_list (__main__.TC04_MilkQuality.test_TC060_quality_api_get_returns_list)
TC-060 | Milk Quality | GET /api/quality returns list | Direct API call | Status 200 + list ... ok
test_TC061_adulteration_form_visible (__main__.TC05_Adulteration.test_TC061_adulteration_form_visible)
TC-061 | Adulteration | Adulteration form rendered | Navigate to Adulteration | Form visible ... ok
test_TC062_water_dilution_field_present (__main__.TC05_Adulteration.test_TC062_water_dilution_field_present)
TC-062 | Adulteration | Water dilution field present | Check #a-water | Input exists ... ok
test_TC063_urea_dropdown_present (__main__.TC05_Adulteration.test_TC063_urea_dropdown_present)
TC-063 | Adulteration | Urea detection dropdown present | Check #a-urea | Select exists ... ok
test_TC064_starch_dropdown_present (__main__.TC05_Adulteration.test_TC064_starch_dropdown_present)
TC-064 | Adulteration | Starch detection dropdown present | Check #a-starch | Select exists ... ok
test_TC065_detergent_dropdown_present (__main__.TC05_Adulteration.test_TC065_detergent_dropdown_present)
TC-065 | Adulteration | Detergent detection dropdown present | Check #a-detergent | Select exists ... ok
test_TC066_salt_dropdown_present (__main__.TC05_Adulteration.test_TC066_salt_dropdown_present)
TC-066 | Adulteration | Salt detection dropdown present | Check #a-salt | Select exists ... ok
test_TC067_analyze_button_present (__main__.TC05_Adulteration.test_TC067_analyze_button_present)
TC-067 | Adulteration | Analyze button present | Check .btn-warning | Button visible ... ok
test_TC068_pure_milk_status_for_clean_sample (__main__.TC05_Adulteration.test_TC068_pure_milk_status_for_clean_sample)
TC-068 | Adulteration | Pure milk status when no adulterants | All No, 0% water | Status = 'Pure Milk' ... FAIL
test_TC069_urea_detected_reduces_score (__main__.TC05_Adulteration.test_TC069_urea_detected_reduces_score)
TC-069 | Adulteration | Urea detected reduces final score by 50 | Set urea=Yes, click analyze | Score drops ... ERROR
test_TC070_detergent_detected_sets_high_adulteration 
(__main__.TC05_Adulteration.test_TC070_detergent_detected_sets_high_adulteration)
TC-070 | Adulteration | Detergent detected sets 'Highly Adulterated' | Set detergent=Yes | Status = 'Highly 
Adulterated' ... FAIL
test_TC071_water_dilution_reduces_score (__main__.TC05_Adulteration.test_TC071_water_dilution_reduces_score)
TC-071 | Adulteration | Water >5% reduces score | Set water=20% | Score reduced ... ERROR
test_TC072_warning_messages_shown_for_adulterants 
(__main__.TC05_Adulteration.test_TC072_warning_messages_shown_for_adulterants)
TC-072 | Adulteration | Warning messages list populated | Add starch=Yes | #warning-messages has items ... FAIL
test_TC073_final_score_capped_at_zero (__main__.TC05_Adulteration.test_TC073_final_score_capped_at_zero)
TC-073 | Adulteration | Final score cannot go below 0 | All adulterants Yes | Score >= 0 ... ERROR
test_TC074_result_card_shown_after_adulteration_check 
(__main__.TC05_Adulteration.test_TC074_result_card_shown_after_adulteration_check)
TC-074 | Adulteration | Result card shown after analysis | Click analyze | #adulteration-result-card visible ... FAIL
test_TC075_proceed_to_payment_button_visible (__main__.TC05_Adulteration.test_TC075_proceed_to_payment_button_visible)
TC-075 | Adulteration | 'Proceed to Payment' button visible after analysis | Analyze and check | Button rendered ... 
FAIL
test_TC076_payment_form_visible (__main__.TC06_Payment.test_TC076_payment_form_visible)
TC-076 | Payment | Payment form rendered | Navigate to Payment System | Form #payment-form visible ... ok
test_TC077_state_dropdown_present (__main__.TC06_Payment.test_TC077_state_dropdown_present)
TC-077 | Payment | State dropdown present | Check #p-state | Select element exists ... ok
test_TC078_state_dropdown_has_7_states (__main__.TC06_Payment.test_TC078_state_dropdown_has_7_states)
TC-078 | Payment | State dropdown has 7 state options | Count options | 7 states + placeholder ... ok
test_TC079_tamil_nadu_in_dropdown (__main__.TC06_Payment.test_TC079_tamil_nadu_in_dropdown)
TC-079 | Payment | Tamil Nadu in state dropdown | Read option values | 'Tamil Nadu' present ... ok
test_TC080_kerala_in_dropdown (__main__.TC06_Payment.test_TC080_kerala_in_dropdown)
TC-080 | Payment | Kerala in state dropdown | Read option values | 'Kerala' present ... ok
test_TC081_gujarat_in_dropdown (__main__.TC06_Payment.test_TC081_gujarat_in_dropdown)
TC-081 | Payment | Gujarat in state dropdown | Read option values | 'Gujarat' present ... ok
test_TC082_calculate_price_api_tamil_nadu (__main__.TC06_Payment.test_TC082_calculate_price_api_tamil_nadu)
TC-082 | Payment | Tamil Nadu pricing API returns result | POST /api/calculate-price | success=True ... ok
test_TC083_calculate_price_api_kerala (__main__.TC06_Payment.test_TC083_calculate_price_api_kerala)
TC-083 | Payment | Kerala pricing API returns result | POST /api/calculate-price | success=True ... ok
test_TC084_calculate_price_api_karnataka (__main__.TC06_Payment.test_TC084_calculate_price_api_karnataka)
TC-084 | Payment | Karnataka pricing API returns result | POST /api/calculate-price | success=True ... ok
test_TC085_calculate_price_api_gujarat (__main__.TC06_Payment.test_TC085_calculate_price_api_gujarat)
TC-085 | Payment | Gujarat pricing API returns result | POST /api/calculate-price | success=True ... ok
test_TC086_calculate_price_api_maharashtra (__main__.TC06_Payment.test_TC086_calculate_price_api_maharashtra)
TC-086 | Payment | Maharashtra pricing API returns result | POST /api/calculate-price | success=True ... ok
test_TC087_calculate_price_api_punjab (__main__.TC06_Payment.test_TC087_calculate_price_api_punjab)
TC-087 | Payment | Punjab pricing API returns result | POST /api/calculate-price | success=True ... ok
test_TC088_calculate_price_api_haryana (__main__.TC06_Payment.test_TC088_calculate_price_api_haryana)
TC-088 | Payment | Haryana pricing API returns result | POST /api/calculate-price | success=True ... ok
test_TC089_price_response_has_base_price (__main__.TC06_Payment.test_TC089_price_response_has_base_price)
TC-089 | Payment | Price response contains base_price_per_litre | API call | Field present ... ok
test_TC090_price_response_has_total_payment (__main__.TC06_Payment.test_TC090_price_response_has_total_payment)
TC-090 | Payment | Price response contains total_payment | API call | total_payment > 0 ... ok
test_TC091_quality_score_zero_means_zero_payment 
(__main__.TC06_Payment.test_TC091_quality_score_zero_means_zero_payment)
TC-091 | Payment | Quality score 0 results in 0 total payment | quality_score=0 | total_payment = 0 ... ok
test_TC092_ui_calculate_payout_button_present (__main__.TC06_Payment.test_TC092_ui_calculate_payout_button_present)
TC-092 | Payment | 'Calculate Payout' button present | Check UI | Button visible ... ok
test_TC093_payment_summary_qty_displayed (__main__.TC06_Payment.test_TC093_payment_summary_qty_displayed)
TC-093 | Payment | Quantity summary displayed in payment form | Inject data | #summary-qty shows value ... ok
test_TC094_payment_summary_fat_displayed (__main__.TC06_Payment.test_TC094_payment_summary_fat_displayed)
TC-094 | Payment | Fat summary displayed in payment form | Inject data | #summary-fat shows value ... ok
test_TC095_payment_calculate_button_triggers_api 
(__main__.TC06_Payment.test_TC095_payment_calculate_button_triggers_api)
TC-095 | Payment | Clicking Calculate Payout calls pricing API | Select state and click | Payment details shown ... 
FAIL
test_TC096_payment_base_price_shown (__main__.TC06_Payment.test_TC096_payment_base_price_shown)
TC-096 | Payment | Base price per litre shown after calculation | Calculate for Tamil Nadu | #p-base-price non-zero 
... ok
test_TC097_payment_total_shown_as_currency (__main__.TC06_Payment.test_TC097_payment_total_shown_as_currency)
TC-097 | Payment | Total payment shown with rupee symbol | After calculation | #p-total starts with Γé╣ ... FAIL
test_TC098_post_payment_api_returns_201 (__main__.TC06_Payment.test_TC098_post_payment_api_returns_201)
TC-098 | Payment | POST /api/payments returns 201 | Direct API call | Status 201 ... ok
test_TC099_get_payments_api_returns_list (__main__.TC06_Payment.test_TC099_get_payments_api_returns_list)
TC-099 | Payment | GET /api/payments returns list | Direct API call | Status 200 + list ... ok
test_TC100_get_payments_by_farmer_api (__main__.TC06_Payment.test_TC100_get_payments_by_farmer_api)
TC-100 | Payment | GET /api/payments/farmer/:id returns list | API call with PF01 | Status 200 + list ... ok
test_TC101_status_api_returns_200 (__main__.TC07_APIInfrastructure.test_TC101_status_api_returns_200)
TC-101 | API | GET /api/status returns 200 | Direct API call | Status 200 ... ok
test_TC102_status_api_has_server_field (__main__.TC07_APIInfrastructure.test_TC102_status_api_has_server_field)
TC-102 | API | Status response has 'server' field | GET /api/status | server=running ... ok
test_TC103_status_api_has_database_field (__main__.TC07_APIInfrastructure.test_TC103_status_api_has_database_field)
TC-103 | API | Status response has 'database' field | GET /api/status | database field present ... ok
test_TC104_invalid_json_to_farmers_rejected 
(__main__.TC07_APIInfrastructure.test_TC104_invalid_json_to_farmers_rejected)
TC-104 | API | Invalid JSON to POST /api/farmers | Send malformed body | Not 201 ... ok
test_TC105_pricing_missing_state_returns_result 
(__main__.TC07_APIInfrastructure.test_TC105_pricing_missing_state_returns_result)
TC-105 | API | Pricing with empty state uses default formula | state='' | success=True ... ok
test_TC106_pricing_zero_quantity_gives_zero_total 
(__main__.TC07_APIInfrastructure.test_TC106_pricing_zero_quantity_gives_zero_total)
TC-106 | API | Pricing with 0 quantity gives 0 total payment | quantity=0 | total_payment=0 ... ok
test_TC107_cors_header_present (__main__.TC07_APIInfrastructure.test_TC107_cors_header_present)
TC-107 | API | CORS header present in response | GET /api/status with Origin | Access-Control header set ... FAIL
test_TC108_content_type_json_in_response (__main__.TC07_APIInfrastructure.test_TC108_content_type_json_in_response)
TC-108 | API | Response Content-Type is application/json | GET /api/farmers | Content-Type: application/json ... ok
test_TC109_static_files_served (__main__.TC07_APIInfrastructure.test_TC109_static_files_served)
TC-109 | Infrastructure | Static files served by Express | GET /index.html | HTTP 200 ... ok
test_TC110_app_js_served (__main__.TC07_APIInfrastructure.test_TC110_app_js_served)
TC-110 | Infrastructure | app.js served | GET /js/app.js | HTTP 200 ... ok
test_TC111_style_css_served (__main__.TC07_APIInfrastructure.test_TC111_style_css_served)
TC-111 | Infrastructure | style.css served | GET /css/style.css | HTTP 200 or 304 ... ok
test_TC112_only_one_active_section_at_a_time (__main__.TC08_UIChecks.test_TC112_only_one_active_section_at_a_time)
TC-112 | UI | Only one section active at a time | Click different nav | Other sections not active ... ok
test_TC113_main_content_visible (__main__.TC08_UIChecks.test_TC113_main_content_visible)
TC-113 | UI | Main content area rendered | Load page | .main-content visible ... ok
test_TC114_topbar_visible (__main__.TC08_UIChecks.test_TC114_topbar_visible)
TC-114 | UI | Topbar rendered | Load page | .topbar visible ... ok
test_TC115_responsive_window_640 (__main__.TC08_UIChecks.test_TC115_responsive_window_640)
TC-115 | UI | Page renders at 640px width | Set window to 640x800 | No JS errors ... ok
test_TC116_farmer_form_add_heading (__main__.TC08_UIChecks.test_TC116_farmer_form_add_heading)
TC-116 | UI | 'Add New Farmer' heading present in form | Check h3 text | Heading visible ... ok
test_TC117_farmer_database_heading_present (__main__.TC08_UIChecks.test_TC117_farmer_database_heading_present)
TC-117 | UI | 'Farmer Database' heading present | Check table card heading | Heading visible ... ok
test_TC118_cow_icon_in_sidebar (__main__.TC08_UIChecks.test_TC118_cow_icon_in_sidebar)
TC-118 | UI | Cow icon present in sidebar | Check .sidebar-icon | i element with fa-cow exists ... ok
test_TC119_no_console_errors_on_load (__main__.TC08_UIChecks.test_TC119_no_console_errors_on_load)
TC-119 | UI | No critical console errors on page load | Monitor console | No severe JS errors ... ok
test_TC120_payment_loading_spinner_hidden_initially 
(__main__.TC08_UIChecks.test_TC120_payment_loading_spinner_hidden_initially)
TC-120 | UI | Payment loading spinner hidden initially | Navigate to Payment | #payment-loading hidden ... ok
test_TC121_fat_at_boundary_3_5 (__main__.TC09_EdgeCases.test_TC121_fat_at_boundary_3_5)
TC-121 | Edge Case | Fat exactly at boundary 3.5 gives 100% fat score | fat=3.5,snf=8.5 | Score = 100 ... ok
test_TC122_very_large_quantity (__main__.TC09_EdgeCases.test_TC122_very_large_quantity)
TC-122 | Edge Case | Very large quantity processed | quantity=10000 | total_payment very large > 0 ... ok
test_TC123_quality_score_100_gives_max_price (__main__.TC09_EdgeCases.test_TC123_quality_score_100_gives_max_price)
TC-123 | Edge Case | Quality score 100 gives full base price | quality_score=100 | final=base ... ok
test_TC124_quality_score_50_halves_price (__main__.TC09_EdgeCases.test_TC124_quality_score_50_halves_price)
TC-124 | Edge Case | Quality score 50 halves the price | quality_score=50 | final = base/2 ... ok
test_TC125_empty_body_to_payments_rejected (__main__.TC09_EdgeCases.test_TC125_empty_body_to_payments_rejected)
TC-125 | Edge Case | POST /api/payments with empty body returns error | Empty JSON | Not 201 ... ok
test_TC126_farmer_search_case_insensitive_ui (__main__.TC09_EdgeCases.test_TC126_farmer_search_case_insensitive_ui)
TC-126 | Edge Case | Search is case-insensitive in UI | Type lowercase for uppercase name | Row visible ... ok
test_TC127_api_status_collections_list (__main__.TC09_EdgeCases.test_TC127_api_status_collections_list)
TC-127 | Edge Case | /api/status returns collections array | GET /api/status | collections is list of 3 ... ok
test_TC128_pricing_engine_handles_unknown_state 
(__main__.TC09_EdgeCases.test_TC128_pricing_engine_handles_unknown_state)
TC-128 | Edge Case | Unknown state falls back to default formula | state='UnknownState' | success=True ... ok
test_TC129_farmer_with_zero_cows_buffaloes (__main__.TC09_EdgeCases.test_TC129_farmer_with_zero_cows_buffaloes)
TC-129 | Edge Case | Farmer with 0 cows and 0 buffaloes saved | Post farmer with zeros | 201 ... ok
test_TC130_multiple_farmers_retrieved (__main__.TC09_EdgeCases.test_TC130_multiple_farmers_retrieved)
TC-130 | Edge Case | Multiple farmers can be stored and retrieved | Add 3 farmers via API | GET returns >=3 ... ok

======================================================================
ERROR: test_TC050_analyze_quality_excellent_score 
(__main__.TC04_MilkQuality.test_TC050_analyze_quality_excellent_score)
TC-050 | Milk Quality | Excellent fat/SNF yields score >=90 | Fat=4.5, SNF=9.0, submit | Score >= 90
----------------------------------------------------------------------
Traceback (most recent call last):
  File "C:\Users\HP\Downloads\pdd\pdd\tests\test_dairydash.py", line 483, in test_TC050_analyze_quality_excellent_score
    sel.select_by_index(1)
  File "C:\Users\HP\AppData\Local\Programs\Python\Python312\Lib\site-packages\selenium\webdriver\support\select.py", 
line 101, in select_by_index
    raise NoSuchElementException(f"Could not locate element with index {index}")
selenium.common.exceptions.NoSuchElementException: Message: Could not locate element with index 1; For documentation 
on this error, please visit: 
https://www.selenium.dev/documentation/webdriver/troubleshooting/errors#nosuchelementexception


======================================================================
ERROR: test_TC069_urea_detected_reduces_score (__main__.TC05_Adulteration.test_TC069_urea_detected_reduces_score)
TC-069 | Adulteration | Urea detected reduces final score by 50 | Set urea=Yes, click analyze | Score drops
----------------------------------------------------------------------
Traceback (most recent call last):
  File "C:\Users\HP\Downloads\pdd\pdd\tests\test_dairydash.py", line 673, in test_TC069_urea_detected_reduces_score
    score = int(self.driver.find_element(By.ID, "final-score").text)
            ^^^^^^^^^^^^^^^^^^^^^^^^^^^^^^^^^^^^^^^^^^^^^^^^^^^^^^^^
ValueError: invalid literal for int() with base 10: ''

======================================================================
ERROR: test_TC071_water_dilution_reduces_score (__main__.TC05_Adulteration.test_TC071_water_dilution_reduces_score)
TC-071 | Adulteration | Water >5% reduces score | Set water=20% | Score reduced
----------------------------------------------------------------------
Traceback (most recent call last):
  File "C:\Users\HP\Downloads\pdd\pdd\tests\test_dairydash.py", line 695, in test_TC071_water_dilution_reduces_score
    score = int(self.driver.find_element(By.ID, "final-score").text)
            ^^^^^^^^^^^^^^^^^^^^^^^^^^^^^^^^^^^^^^^^^^^^^^^^^^^^^^^^
ValueError: invalid literal for int() with base 10: ''

======================================================================
ERROR: test_TC073_final_score_capped_at_zero (__main__.TC05_Adulteration.test_TC073_final_score_capped_at_zero)
TC-073 | Adulteration | Final score cannot go below 0 | All adulterants Yes | Score >= 0
----------------------------------------------------------------------
Traceback (most recent call last):
  File "C:\Users\HP\Downloads\pdd\pdd\tests\test_dairydash.py", line 717, in test_TC073_final_score_capped_at_zero
    score = int(self.driver.find_element(By.ID, "final-score").text)
            ^^^^^^^^^^^^^^^^^^^^^^^^^^^^^^^^^^^^^^^^^^^^^^^^^^^^^^^^
ValueError: invalid literal for int() with base 10: ''

======================================================================
FAIL: test_TC031_farmer_id_appears_in_table (__main__.TC03_FarmerCRUD.test_TC031_farmer_id_appears_in_table)
TC-031 | Farmer CRUD | Farmer ID visible in table after add | Add farmer F101 | F101 appears in table
----------------------------------------------------------------------
Traceback (most recent call last):
  File "C:\Users\HP\Downloads\pdd\pdd\tests\test_dairydash.py", line 327, in test_TC031_farmer_id_appears_in_table
    self.assertIn("F101", tbody.text)
AssertionError: 'F101' not found in '6a2bcf4197e420593ae4e654 Selvi Amma 9876500001 2 / 1 10 L'

======================================================================
FAIL: test_TC032_farmer_phone_appears_in_table (__main__.TC03_FarmerCRUD.test_TC032_farmer_phone_appears_in_table)
TC-032 | Farmer CRUD | Phone number visible in table | Add farmer with phone 9123456789 | Phone visible in row
----------------------------------------------------------------------
Traceback (most recent call last):
  File "C:\Users\HP\Downloads\pdd\pdd\tests\test_dairydash.py", line 336, in test_TC032_farmer_phone_appears_in_table
    self.assertIn("9123456789", tbody.text)
AssertionError: '9123456789' not found in ''

======================================================================
FAIL: test_TC040_search_clear_restores_all_rows (__main__.TC03_FarmerCRUD.test_TC040_search_clear_restores_all_rows)
TC-040 | Farmer Table | Clearing search restores all rows | Type then clear search | All rows visible
----------------------------------------------------------------------
Traceback (most recent call last):
  File "C:\Users\HP\Downloads\pdd\pdd\tests\test_dairydash.py", line 421, in test_TC040_search_clear_restores_all_rows
    self.assertGreater(len(visible), 0)
AssertionError: 0 not greater than 0

======================================================================
FAIL: test_TC052_result_card_shown_after_analysis 
(__main__.TC04_MilkQuality.test_TC052_result_card_shown_after_analysis)
TC-052 | Milk Quality | Quality result card shown after analysis | Click Analyze | #quality-result-card displayed
----------------------------------------------------------------------
Traceback (most recent call last):
  File "C:\Users\HP\Downloads\pdd\pdd\tests\test_dairydash.py", line 520, in 
test_TC052_result_card_shown_after_analysis
    self.assertEqual(card.get_attribute("style"), "" or card.value_of_css_property("display") != "none")
AssertionError: 'display: block;' != True

======================================================================
FAIL: test_TC068_pure_milk_status_for_clean_sample 
(__main__.TC05_Adulteration.test_TC068_pure_milk_status_for_clean_sample)
TC-068 | Adulteration | Pure milk status when no adulterants | All No, 0% water | Status = 'Pure Milk'
----------------------------------------------------------------------
Traceback (most recent call last):
  File "C:\Users\HP\Downloads\pdd\pdd\tests\test_dairydash.py", line 666, in 
test_TC068_pure_milk_status_for_clean_sample
    self.assertEqual(status, "Pure Milk")
AssertionError: '' != 'Pure Milk'
+ Pure Milk


======================================================================
FAIL: test_TC070_detergent_detected_sets_high_adulteration 
(__main__.TC05_Adulteration.test_TC070_detergent_detected_sets_high_adulteration)
TC-070 | Adulteration | Detergent detected sets 'Highly Adulterated' | Set detergent=Yes | Status = 'Highly 
Adulterated'
----------------------------------------------------------------------
Traceback (most recent call last):
  File "C:\Users\HP\Downloads\pdd\pdd\tests\test_dairydash.py", line 683, in 
test_TC070_detergent_detected_sets_high_adulteration
    self.assertEqual(status, "Highly Adulterated")
AssertionError: '' != 'Highly Adulterated'
+ Highly Adulterated


======================================================================
FAIL: test_TC072_warning_messages_shown_for_adulterants 
(__main__.TC05_Adulteration.test_TC072_warning_messages_shown_for_adulterants)
TC-072 | Adulteration | Warning messages list populated | Add starch=Yes | #warning-messages has items
----------------------------------------------------------------------
Traceback (most recent call last):
  File "C:\Users\HP\Downloads\pdd\pdd\tests\test_dairydash.py", line 707, in 
test_TC072_warning_messages_shown_for_adulterants
    self.assertGreater(len(items), 0)
AssertionError: 0 not greater than 0

======================================================================
FAIL: test_TC074_result_card_shown_after_adulteration_check 
(__main__.TC05_Adulteration.test_TC074_result_card_shown_after_adulteration_check)
TC-074 | Adulteration | Result card shown after analysis | Click analyze | #adulteration-result-card visible
----------------------------------------------------------------------
Traceback (most recent call last):
  File "C:\Users\HP\Downloads\pdd\pdd\tests\test_dairydash.py", line 729, in 
test_TC074_result_card_shown_after_adulteration_check
    self.assertNotEqual(card.get_attribute("style"), "display: none;")
AssertionError: 'display: none;' == 'display: none;'

======================================================================
FAIL: test_TC075_proceed_to_payment_button_visible 
(__main__.TC05_Adulteration.test_TC075_proceed_to_payment_button_visible)
TC-075 | Adulteration | 'Proceed to Payment' button visible after analysis | Analyze and check | Button rendered
----------------------------------------------------------------------
Traceback (most recent call last):
  File "C:\Users\HP\Downloads\pdd\pdd\tests\test_dairydash.py", line 736, in 
test_TC075_proceed_to_payment_button_visible
    self.assertTrue(btn.is_displayed())
AssertionError: False is not true

======================================================================
FAIL: test_TC095_payment_calculate_button_triggers_api 
(__main__.TC06_Payment.test_TC095_payment_calculate_button_triggers_api)
TC-095 | Payment | Clicking Calculate Payout calls pricing API | Select state and click | Payment details shown
----------------------------------------------------------------------
Traceback (most recent call last):
  File "C:\Users\HP\Downloads\pdd\pdd\tests\test_dairydash.py", line 893, in 
test_TC095_payment_calculate_button_triggers_api
    self.assertNotEqual(details.get_attribute("style"), "display: none;")
AssertionError: 'display: none;' == 'display: none;'

======================================================================
FAIL: test_TC097_payment_total_shown_as_currency (__main__.TC06_Payment.test_TC097_payment_total_shown_as_currency)
TC-097 | Payment | Total payment shown with rupee symbol | After calculation | #p-total starts with Γé╣
----------------------------------------------------------------------
Traceback (most recent call last):
  File "C:\Users\HP\Downloads\pdd\pdd\tests\test_dairydash.py", line 909, in test_TC097_payment_total_shown_as_currency
    self.assertTrue(total.startswith("Γé╣"))
AssertionError: False is not true

======================================================================
FAIL: test_TC107_cors_header_present (__main__.TC07_APIInfrastructure.test_TC107_cors_header_present)
TC-107 | API | CORS header present in response | GET /api/status with Origin | Access-Control header set
----------------------------------------------------------------------
Traceback (most recent call last):
  File "C:\Users\HP\Downloads\pdd\pdd\tests\test_dairydash.py", line 977, in test_TC107_cors_header_present
    self.assertIn("Access-Control-Allow-Origin",
AssertionError: 'Access-Control-Allow-Origin' not found in '*'

----------------------------------------------------------------------
Ran 130 tests in 547.697s

FAILED (failures=12, errors=4)
